C1: M3 + E11 done at Wed Aug 19 11:55:51 UTC 2026
=== C1 E1 supervised (3 seeds) ===
device=cuda mode=supervised d_model=104 selective=True vocab=12
  sup step 0 loss 2.554
  sup step 2000 loss 0.185
  sup step 4000 loss 0.673
  sup step 6000 loss 0.692
  sup step 8000 loss 0.709
  sup step 10000 loss 0.677
  sup step 12000 loss 0.070
  sup step 14000 loss 0.699
  sup step 16000 loss 0.168
  sup step 18000 loss 0.137
  sup step 20000 loss 0.130
  sup step 22000 loss 0.002
  sup step 24000 loss 0.000
  sup step 26000 loss 0.000
  sup step 28000 loss 0.000
  sup step 29999 loss 0.000
[supervised] accs={32: 1.0, 48: 0.922, 64: 0.586, 96: 0.578, 128: 0.562}
{"mode": "supervised", "seed": 0, "accs": {"32": 1.0, "48": 0.922, "64": 0.586, "96": 0.578, "128": 0.562}}
  sup step 0 loss 2.545
  sup step 2000 loss 0.684
  sup step 4000 loss 0.688
  sup step 6000 loss 0.693
  sup step 8000 loss 0.693
  sup step 10000 loss 0.693
  sup step 12000 loss 0.693
  sup step 14000 loss 0.004
  sup step 16000 loss 0.701
  sup step 18000 loss 0.697
  sup step 20000 loss 0.010
  sup step 22000 loss 0.104
  sup step 24000 loss 0.617
  sup step 26000 loss 0.697
  sup step 28000 loss 0.697
  sup step 29999 loss 0.001
[supervised] accs={32: 0.492, 48: 0.555, 64: 0.492, 96: 0.461, 128: 0.484}
{"mode": "supervised", "seed": 1, "accs": {"32": 0.492, "48": 0.555, "64": 0.492, "96": 0.461, "128": 0.484}}
  sup step 0 loss 2.608
  sup step 2000 loss 0.388
  sup step 4000 loss 0.697
  sup step 6000 loss 0.676
  sup step 8000 loss 0.095
  sup step 10000 loss 0.691
  sup step 12000 loss 0.710
  sup step 14000 loss 0.692
  sup step 16000 loss 0.690
  sup step 18000 loss 0.091
  sup step 20000 loss 0.693
  sup step 22000 loss 0.687
  sup step 24000 loss 0.001
  sup step 26000 loss 0.605
  sup step 28000 loss 0.694
  sup step 29999 loss 0.001
[supervised] accs={32: 0.602, 48: 0.555, 64: 0.469, 96: 0.531, 128: 0.445}
{"mode": "supervised", "seed": 2, "accs": {"32": 0.602, "48": 0.555, "64": 0.469, "96": 0.531, "128": 0.445}}
=== C1 E2 MTP ===
Traceback (most recent call last):
  File "/home/user/C1/experiments/e2_mtp.py", line 196, in <module>
    main()
  File "/home/user/C1/experiments/e2_mtp.py", line 189, in main
    r = train_eval(args, seed, args.mode)
  File "/home/user/C1/experiments/e2_mtp.py", line 114, in train_eval
    train, val = load_data(args.data_dir)
  File "/home/user/C1/experiments/e2_mtp.py", line 35, in load_data
    np.fromfile(os.path.join(data_dir, "train.bin"), dtype="uint16")).long()
FileNotFoundError: [Errno 2] No such file or directory: 'data/train.bin'
